[search] backbone                                                     mean BIC 482.27
[search] action_stickiness                                            mean BIC 476.41
[search] arbitration_scaled_wm_update                                 mean BIC 474.72
[search] asymmetric_fixed_wm_update                                   mean BIC 482.26
[search] asymmetric_rl_learning_rates                                 mean BIC 480.96
[search] asymmetric_wm_update                                         mean BIC 488.05
[search] choice_perseveration                                         mean BIC 476.41
[search] eligibility_trace                                            mean BIC 484.14
[search] load_dependent_wm_arbitration                                mean BIC 356.08
[search] load_dependent_wm_decay_global                               mean BIC 480.93
[search] load_dependent_wm_learning                                   mean BIC 476.86
[search] load_driven_wm_noise                                         mean BIC 485.74
[search] load_scaled_wm_weight                                        mean BIC 478.50
[search] outcome_gated_wm_reliance                                    mean BIC 299.27
[search] set_size_dependent_wm_lapse                                  mean BIC 481.63
[search] set_size_wm_decay                                            mean BIC 482.98
[search] set_size_wm_noise                                            mean BIC 493.78
[search] unified_wm_update_decay                                      mean BIC 470.72
[search] wm_asymmetric_update_p1                                      mean BIC 475.12
[search] wm_asymmetric_update_p2                                      mean BIC 477.33
[search] wm_normalization                                             mean BIC 482.27
[search] wm_perfect_encoding_on_reward                                mean BIC 479.87
[search] wm_set_size_retrieval_noise                                  mean BIC 484.35
[search] asymmetric_fixed_wm_update+outcome_gated_wm_reliance         mean BIC 300.11
[search] outcome_gated_wm_reliance+wm_normalization                   mean BIC 299.27
[search] outcome_gated_wm_reliance+wm_perfect_encoding_on_reward      mean BIC 335.72
[search] asymmetric_fixed_wm_update+outcome_gated_wm_reliance+wm_normalization mean BIC 300.11
[search] outcome_gated_wm_reliance+wm_normalization+wm_perfect_encoding_on_reward mean BIC 335.72
WINNER outcome_gated_wm_reliance+wm_normalization mean validation BIC 299.27 -> composed_model.txt frozen
