<string>:57: RuntimeWarning: overflow encountered in exp
test fits done
eval done, warnings: 14
[search] backbone                                                     mean BIC 276.86
[search] action_stickiness                                            mean BIC 279.39
[search] arbitration_scaled_wm_update                                 mean BIC 280.71
[search] asymmetric_fixed_wm_update                                   mean BIC 277.12
[search] asymmetric_rl_learning_rates                                 mean BIC 285.81
[search] asymmetric_wm_update                                         mean BIC 287.33
[search] choice_perseveration                                         mean BIC 279.39
[search] eligibility_trace                                            mean BIC 278.49
[search] load_dependent_wm_decay_global                               mean BIC 282.09
[search] load_dependent_wm_learning                                   mean BIC 287.46
[search] load_driven_wm_noise                                         mean BIC 281.38
[search] load_scaled_wm_weight                                        mean BIC 280.48
[search] set_size_wm_decay                                            mean BIC 283.55
[search] set_size_wm_noise                                            mean BIC 287.33
[search] unified_wm_update_decay                                      mean BIC 280.71
[search] wm_asymmetric_update_p1                                      mean BIC 286.07
[search] wm_asymmetric_update_p2                                      mean BIC 283.33
[search] wm_normalization                                             mean BIC 276.86
[search] wm_perfect_encoding_on_reward                                mean BIC 285.14
[search] wm_set_size_retrieval_noise                                  mean BIC 282.09
[search] action_stickiness+wm_normalization                           mean BIC 279.39
[search] arbitration_scaled_wm_update+wm_normalization                mean BIC 280.71
[search] asymmetric_fixed_wm_update+wm_normalization                  mean BIC 277.12
[search] asymmetric_rl_learning_rates+wm_normalization                mean BIC 285.81
[search] asymmetric_wm_update+wm_normalization                        mean BIC 286.97
[search] choice_perseveration+wm_normalization                        mean BIC 279.39
[search] eligibility_trace+wm_normalization                           mean BIC 278.49
[search] load_dependent_wm_decay_global+wm_normalization              mean BIC 286.40
[search] load_dependent_wm_learning+wm_normalization                  mean BIC 287.46
[search] load_driven_wm_noise+wm_normalization                        mean BIC 281.38
[search] load_scaled_wm_weight+wm_normalization                       mean BIC 280.48
[search] set_size_wm_decay+wm_normalization                           mean BIC 283.55
[search] set_size_wm_noise+wm_normalization                           mean BIC 287.33
[search] unified_wm_update_decay+wm_normalization                     mean BIC 286.07
[search] wm_asymmetric_update_p1+wm_normalization                     mean BIC 289.57
[search] wm_asymmetric_update_p2+wm_normalization                     mean BIC 283.33
[search] wm_normalization+wm_perfect_encoding_on_reward               mean BIC 285.14
[search] wm_normalization+wm_set_size_retrieval_noise                 mean BIC 281.64
[reconstruct] p0 library 276.86 vs individual 286.29 vs group 287.22
[search] backbone                                                     mean BIC 202.88
[search] action_stickiness                                            mean BIC 201.86
[search] arbitration_scaled_wm_update                                 mean BIC 204.26
[search] asymmetric_fixed_wm_update                                   mean BIC 203.19
[search] asymmetric_rl_learning_rates                                 mean BIC 209.46
[search] asymmetric_wm_update                                         mean BIC 213.34
[search] choice_perseveration                                         mean BIC 201.86
[search] eligibility_trace                                            mean BIC 200.27
[search] load_dependent_wm_decay_global                               mean BIC 205.51
[search] load_dependent_wm_learning                                   mean BIC 209.16
[search] load_driven_wm_noise                                         mean BIC 208.03
[search] load_scaled_wm_weight                                        mean BIC 207.10
[search] set_size_wm_decay                                            mean BIC 208.11
[search] set_size_wm_noise                                            mean BIC 213.35
[search] unified_wm_update_decay                                      mean BIC 210.72
[search] wm_asymmetric_update_p1                                      mean BIC 210.72
[search] wm_asymmetric_update_p2                                      mean BIC 203.92
[search] wm_normalization                                             mean BIC 202.88
[search] wm_perfect_encoding_on_reward                                mean BIC 217.74
[search] wm_set_size_retrieval_noise                                  mean BIC 209.25
[search] action_stickiness+eligibility_trace                          mean BIC 203.89
[search] arbitration_scaled_wm_update+eligibility_trace               mean BIC 209.49
[search] asymmetric_fixed_wm_update+eligibility_trace                 mean BIC 200.62
[search] asymmetric_wm_update+eligibility_trace                       mean BIC 210.74
[search] choice_perseveration+eligibility_trace                       mean BIC 203.89
[search] eligibility_trace+load_dependent_wm_decay_global             mean BIC 202.76
[search] eligibility_trace+load_driven_wm_noise                       mean BIC 214.08
[search] eligibility_trace+load_scaled_wm_weight                      mean BIC 203.54
[search] eligibility_trace+set_size_wm_decay                          mean BIC 205.55
[search] eligibility_trace+set_size_wm_noise                          mean BIC 210.74
[search] eligibility_trace+unified_wm_update_decay                    mean BIC 213.60
[search] eligibility_trace+wm_asymmetric_update_p1                    mean BIC 213.60
[search] eligibility_trace+wm_asymmetric_update_p2                    mean BIC 209.16
[search] eligibility_trace+wm_normalization                           mean BIC 200.27
[search] eligibility_trace+wm_perfect_encoding_on_reward              mean BIC 215.68
[search] eligibility_trace+wm_set_size_retrieval_noise                mean BIC 214.30
[search] action_stickiness+eligibility_trace+wm_normalization         mean BIC 203.89
[search] arbitration_scaled_wm_update+eligibility_trace+wm_normalization mean BIC 209.49
[search] asymmetric_fixed_wm_update+eligibility_trace+wm_normalization mean BIC 200.62
[search] asymmetric_wm_update+eligibility_trace+wm_normalization      mean BIC 210.72
[search] choice_perseveration+eligibility_trace+wm_normalization      mean BIC 203.89
[search] eligibility_trace+load_dependent_wm_decay_global+wm_normalization mean BIC 202.78
[search] eligibility_trace+load_driven_wm_noise+wm_normalization      mean BIC 205.51
[search] eligibility_trace+load_scaled_wm_weight+wm_normalization     mean BIC 203.54
[search] eligibility_trace+set_size_wm_decay+wm_normalization         mean BIC 215.64
[search] eligibility_trace+set_size_wm_noise+wm_normalization         mean BIC 210.74
[search] eligibility_trace+unified_wm_update_decay+wm_normalization   mean BIC 213.60
[search] eligibility_trace+wm_asymmetric_update_p1+wm_normalization   mean BIC 213.60
[search] eligibility_trace+wm_asymmetric_update_p2+wm_normalization   mean BIC 209.16
[search] eligibility_trace+wm_normalization+wm_perfect_encoding_on_reward mean BIC 215.68
[search] eligibility_trace+wm_normalization+wm_set_size_retrieval_noise mean BIC 214.28
<string>:68: RuntimeWarning: overflow encountered in exp
[reconstruct] p5 library 200.27 vs individual 201.31 vs group 206.46
[search] backbone                                                     mean BIC 343.74
[search] action_stickiness                                            mean BIC 333.62
[search] arbitration_scaled_wm_update                                 mean BIC 339.08
[search] asymmetric_fixed_wm_update                                   mean BIC 343.75
[search] asymmetric_rl_learning_rates                                 mean BIC 345.19
[search] asymmetric_wm_update                                         mean BIC 345.05
[search] choice_perseveration                                         mean BIC 333.62
[search] eligibility_trace                                            mean BIC 333.22
[search] load_dependent_wm_decay_global                               mean BIC 310.82
[search] load_dependent_wm_learning                                   mean BIC 322.11
[search] load_driven_wm_noise                                         mean BIC 341.79
[search] load_scaled_wm_weight                                        mean BIC 323.03
[search] set_size_wm_decay                                            mean BIC 307.24
[search] set_size_wm_noise                                            mean BIC 354.21
[search] unified_wm_update_decay                                      mean BIC 326.27
[search] wm_asymmetric_update_p1                                      mean BIC 326.27
[search] wm_asymmetric_update_p2                                      mean BIC 329.07
[search] wm_normalization                                             mean BIC 343.74
[search] wm_perfect_encoding_on_reward                                mean BIC 343.82
[search] wm_set_size_retrieval_noise                                  mean BIC 335.58
[search] action_stickiness+set_size_wm_decay                          mean BIC 309.28
[search] arbitration_scaled_wm_update+set_size_wm_decay               mean BIC 310.83
[search] asymmetric_fixed_wm_update+set_size_wm_decay                 mean BIC 302.25
[search] asymmetric_rl_learning_rates+set_size_wm_decay               mean BIC 350.44
[search] asymmetric_wm_update+set_size_wm_decay                       mean BIC 312.59
[search] choice_perseveration+set_size_wm_decay                       mean BIC 309.28
[search] eligibility_trace+set_size_wm_decay                          mean BIC 306.77
[search] load_driven_wm_noise+set_size_wm_decay                       mean BIC 354.26
[search] load_scaled_wm_weight+set_size_wm_decay                      mean BIC 313.46
[search] set_size_wm_decay+set_size_wm_noise                          mean BIC 319.04
[search] set_size_wm_decay+unified_wm_update_decay                    mean BIC 354.26
[search] set_size_wm_decay+wm_asymmetric_update_p1                    mean BIC 311.98
[search] set_size_wm_decay+wm_asymmetric_update_p2                    mean BIC 315.55
[search] set_size_wm_decay+wm_normalization                           mean BIC 310.29
[search] set_size_wm_decay+wm_perfect_encoding_on_reward              mean BIC 306.81
[search] set_size_wm_decay+wm_set_size_retrieval_noise                mean BIC 340.81
[search] action_stickiness+asymmetric_fixed_wm_update+set_size_wm_decay mean BIC 306.47
[search] asymmetric_fixed_wm_update+asymmetric_rl_learning_rates+set_size_wm_decay mean BIC 312.62
[search] asymmetric_fixed_wm_update+choice_perseveration+set_size_wm_decay mean BIC 306.47
[search] asymmetric_fixed_wm_update+eligibility_trace+set_size_wm_decay mean BIC 303.74
[search] asymmetric_fixed_wm_update+load_driven_wm_noise+set_size_wm_decay mean BIC 354.26
[search] asymmetric_fixed_wm_update+load_scaled_wm_weight+set_size_wm_decay mean BIC 307.48
[search] asymmetric_fixed_wm_update+set_size_wm_decay+set_size_wm_noise mean BIC 312.66
[search] asymmetric_fixed_wm_update+set_size_wm_decay+wm_normalization mean BIC 302.25
[search] asymmetric_fixed_wm_update+set_size_wm_decay+wm_set_size_retrieval_noise mean BIC 326.06
[reconstruct] p37 library 302.25 vs individual 321.39 vs group 317.90
[search] backbone                                                     mean BIC 315.80
[search] action_stickiness                                            mean BIC 306.73
[search] arbitration_scaled_wm_update                                 mean BIC 302.33
[search] asymmetric_fixed_wm_update                                   mean BIC 315.80
[search] asymmetric_rl_learning_rates                                 mean BIC 310.78
[search] asymmetric_wm_update                                         mean BIC 326.18
[search] choice_perseveration                                         mean BIC 306.73
[search] eligibility_trace                                            mean BIC 308.64
[search] load_dependent_wm_decay_global                               mean BIC 289.87
[search] load_dependent_wm_learning                                   mean BIC 295.97
[search] load_driven_wm_noise                                         mean BIC 319.71
[search] load_scaled_wm_weight                                        mean BIC 296.13
[search] set_size_wm_decay                                            mean BIC 292.58
[search] set_size_wm_noise                                            mean BIC 326.18
[search] unified_wm_update_decay                                      mean BIC 297.94
[search] wm_asymmetric_update_p1                                      mean BIC 297.94
[search] wm_asymmetric_update_p2                                      mean BIC 293.96
[search] wm_normalization                                             mean BIC 315.80
[search] wm_perfect_encoding_on_reward                                mean BIC 312.91
[search] wm_set_size_retrieval_noise                                  mean BIC 313.91
[search] action_stickiness+load_dependent_wm_decay_global             mean BIC 289.45
[search] arbitration_scaled_wm_update+load_dependent_wm_decay_global  mean BIC 290.96
[search] asymmetric_fixed_wm_update+load_dependent_wm_decay_global    mean BIC 296.43
[search] asymmetric_rl_learning_rates+load_dependent_wm_decay_global  mean BIC 296.03
[search] asymmetric_wm_update+load_dependent_wm_decay_global          mean BIC 295.76
[search] choice_perseveration+load_dependent_wm_decay_global          mean BIC 289.45
[search] eligibility_trace+load_dependent_wm_decay_global             mean BIC 291.24
[search] load_dependent_wm_decay_global+load_driven_wm_noise          mean BIC 301.31
[search] load_dependent_wm_decay_global+load_scaled_wm_weight         mean BIC 295.09
[search] load_dependent_wm_decay_global+set_size_wm_noise             mean BIC 301.11
[search] load_dependent_wm_decay_global+unified_wm_update_decay       mean BIC 290.70
[search] load_dependent_wm_decay_global+wm_asymmetric_update_p1       mean BIC 308.29
[search] load_dependent_wm_decay_global+wm_asymmetric_update_p2       mean BIC 295.02
[search] load_dependent_wm_decay_global+wm_normalization              mean BIC 292.20
[search] load_dependent_wm_decay_global+wm_perfect_encoding_on_reward mean BIC 292.98
[search] load_dependent_wm_decay_global+wm_set_size_retrieval_noise   mean BIC 319.10
[search] arbitration_scaled_wm_update+choice_perseveration+load_dependent_wm_decay_global mean BIC 296.03
[search] asymmetric_fixed_wm_update+choice_perseveration+load_dependent_wm_decay_global mean BIC 297.50
[search] choice_perseveration+eligibility_trace+load_dependent_wm_decay_global mean BIC 290.92
[search] choice_perseveration+load_dependent_wm_decay_global+load_driven_wm_noise mean BIC 302.38
[search] choice_perseveration+load_dependent_wm_decay_global+load_scaled_wm_weight mean BIC 292.24
[search] choice_perseveration+load_dependent_wm_decay_global+unified_wm_update_decay mean BIC 295.88
[search] choice_perseveration+load_dependent_wm_decay_global+wm_asymmetric_update_p1 mean BIC 302.28
[search] choice_perseveration+load_dependent_wm_decay_global+wm_normalization mean BIC 297.19
[search] choice_perseveration+load_dependent_wm_decay_global+wm_perfect_encoding_on_reward mean BIC 297.98
[search] choice_perseveration+load_dependent_wm_decay_global+wm_set_size_retrieval_noise mean BIC 315.28
[reconstruct] p40 library 289.87 vs individual 317.08 vs group 300.58
[search] backbone                                                     mean BIC 368.07
[search] action_stickiness                                            mean BIC 367.83
[search] arbitration_scaled_wm_update                                 mean BIC 364.82
[search] asymmetric_fixed_wm_update                                   mean BIC 368.07
[search] asymmetric_rl_learning_rates                                 mean BIC 371.45
[search] asymmetric_wm_update                                         mean BIC 370.78
[search] choice_perseveration                                         mean BIC 367.83
[search] eligibility_trace                                            mean BIC 367.19
[search] load_dependent_wm_decay_global                               mean BIC 365.79
[search] load_dependent_wm_learning                                   mean BIC 367.96
[search] load_driven_wm_noise                                         mean BIC 370.33
[search] load_scaled_wm_weight                                        mean BIC 370.10
[search] set_size_wm_decay                                            mean BIC 364.47
[search] set_size_wm_noise                                            mean BIC 377.69
[search] unified_wm_update_decay                                      mean BIC 365.07
[search] wm_asymmetric_update_p1                                      mean BIC 366.85
[search] wm_asymmetric_update_p2                                      mean BIC 366.25
[search] wm_normalization                                             mean BIC 368.07
[search] wm_perfect_encoding_on_reward                                mean BIC 366.05
[search] wm_set_size_retrieval_noise                                  mean BIC 369.22
[search] action_stickiness+set_size_wm_decay                          mean BIC 370.88
[search] arbitration_scaled_wm_update+set_size_wm_decay               mean BIC 360.94
[search] asymmetric_fixed_wm_update+set_size_wm_decay                 mean BIC 359.76
[search] asymmetric_rl_learning_rates+set_size_wm_decay               mean BIC 375.95
[search] asymmetric_wm_update+set_size_wm_decay                       mean BIC 366.23
[search] choice_perseveration+set_size_wm_decay                       mean BIC 365.02
[search] eligibility_trace+set_size_wm_decay                          mean BIC 363.20
[search] load_driven_wm_noise+set_size_wm_decay                       mean BIC 377.50
[search] load_scaled_wm_weight+set_size_wm_decay                      mean BIC 369.68
[search] set_size_wm_decay+set_size_wm_noise                          mean BIC 375.32
[search] set_size_wm_decay+unified_wm_update_decay                    mean BIC 360.95
[search] set_size_wm_decay+wm_asymmetric_update_p1                    mean BIC 365.12
[search] set_size_wm_decay+wm_asymmetric_update_p2                    mean BIC 366.09
[search] set_size_wm_decay+wm_normalization                           mean BIC 366.25
[search] set_size_wm_decay+wm_perfect_encoding_on_reward              mean BIC 359.92
[search] set_size_wm_decay+wm_set_size_retrieval_noise                mean BIC 367.51
[search] action_stickiness+asymmetric_fixed_wm_update+set_size_wm_decay mean BIC 362.05
[search] asymmetric_fixed_wm_update+asymmetric_rl_learning_rates+set_size_wm_decay mean BIC 366.85
[search] asymmetric_fixed_wm_update+choice_perseveration+set_size_wm_decay mean BIC 362.05
[search] asymmetric_fixed_wm_update+eligibility_trace+set_size_wm_decay mean BIC 367.33
[search] asymmetric_fixed_wm_update+load_driven_wm_noise+set_size_wm_decay mean BIC 364.97
[search] asymmetric_fixed_wm_update+load_scaled_wm_weight+set_size_wm_decay mean BIC 364.97
[search] asymmetric_fixed_wm_update+set_size_wm_decay+set_size_wm_noise mean BIC 377.96
[search] asymmetric_fixed_wm_update+set_size_wm_decay+wm_normalization mean BIC 359.76
[search] asymmetric_fixed_wm_update+set_size_wm_decay+wm_set_size_retrieval_noise mean BIC 364.28
[reconstruct] p45 library 359.76 vs individual 373.46 vs group 364.68
[search] backbone                                                     mean BIC 378.78
[search] action_stickiness                                            mean BIC 382.99
[search] arbitration_scaled_wm_update                                 mean BIC 381.21
[search] asymmetric_fixed_wm_update                                   mean BIC 378.78
[search] asymmetric_rl_learning_rates                                 mean BIC 397.81
[search] asymmetric_wm_update                                         mean BIC 386.48
[search] choice_perseveration                                         mean BIC 382.99
[search] eligibility_trace                                            mean BIC 383.95
[search] load_dependent_wm_decay_global                               mean BIC 382.46
[search] load_dependent_wm_learning                                   mean BIC 384.60
[search] load_driven_wm_noise                                         mean BIC 383.92
[search] load_scaled_wm_weight                                        mean BIC 383.88
[search] set_size_wm_decay                                            mean BIC 375.48
[search] set_size_wm_noise                                            mean BIC 389.12
[search] unified_wm_update_decay                                      mean BIC 380.13
[search] wm_asymmetric_update_p1                                      mean BIC 380.12
[search] wm_asymmetric_update_p2                                      mean BIC 382.35
[search] wm_normalization                                             mean BIC 378.78
[search] wm_perfect_encoding_on_reward                                mean BIC 378.75
[search] wm_set_size_retrieval_noise                                  mean BIC 383.66
[search] action_stickiness+set_size_wm_decay                          mean BIC 379.32
[search] arbitration_scaled_wm_update+set_size_wm_decay               mean BIC 389.12
[search] asymmetric_fixed_wm_update+set_size_wm_decay                 mean BIC 383.95
[search] asymmetric_rl_learning_rates+set_size_wm_decay               mean BIC 383.42
[search] asymmetric_wm_update+set_size_wm_decay                       mean BIC 382.82
[search] choice_perseveration+set_size_wm_decay                       mean BIC 379.31
[search] eligibility_trace+set_size_wm_decay                          mean BIC 380.14
[search] load_driven_wm_noise+set_size_wm_decay                       mean BIC 389.12
[search] load_scaled_wm_weight+set_size_wm_decay                      mean BIC 380.65
[search] set_size_wm_decay+set_size_wm_noise                          mean BIC 387.63
[search] set_size_wm_decay+unified_wm_update_decay                    mean BIC 378.19
[search] set_size_wm_decay+wm_asymmetric_update_p1                    mean BIC 378.34
[search] set_size_wm_decay+wm_asymmetric_update_p2                    mean BIC 382.89
[search] set_size_wm_decay+wm_normalization                           mean BIC 375.89
[search] set_size_wm_decay+wm_perfect_encoding_on_reward              mean BIC 374.73
[search] set_size_wm_decay+wm_set_size_retrieval_noise                mean BIC 389.12
[search] action_stickiness+set_size_wm_decay+wm_perfect_encoding_on_reward mean BIC 379.77
[search] asymmetric_rl_learning_rates+set_size_wm_decay+wm_perfect_encoding_on_reward mean BIC 384.33
[search] choice_perseveration+set_size_wm_decay+wm_perfect_encoding_on_reward mean BIC 388.16
[search] eligibility_trace+set_size_wm_decay+wm_perfect_encoding_on_reward mean BIC 379.90
[search] load_driven_wm_noise+set_size_wm_decay+wm_perfect_encoding_on_reward mean BIC 389.12
[search] load_scaled_wm_weight+set_size_wm_decay+wm_perfect_encoding_on_reward mean BIC 379.90
[search] set_size_wm_decay+set_size_wm_noise+wm_perfect_encoding_on_reward mean BIC 385.39
[search] set_size_wm_decay+wm_normalization+wm_perfect_encoding_on_reward mean BIC 374.73
[search] set_size_wm_decay+wm_perfect_encoding_on_reward+wm_set_size_retrieval_noise mean BIC 388.11
[reconstruct] p46 library 374.73 vs individual 382.97 vs group 381.83
[search] backbone                                                     mean BIC 196.24
[search] action_stickiness                                            mean BIC 176.14
[search] arbitration_scaled_wm_update                                 mean BIC 188.21
[search] asymmetric_fixed_wm_update                                   mean BIC 195.97
[search] asymmetric_rl_learning_rates                                 mean BIC 192.43
[search] asymmetric_wm_update                                         mean BIC 193.35
[search] choice_perseveration                                         mean BIC 176.14
[search] eligibility_trace                                            mean BIC 182.15
[search] load_dependent_wm_decay_global                               mean BIC 189.68
[search] load_dependent_wm_learning                                   mean BIC 182.86
[search] load_driven_wm_noise                                         mean BIC 196.92
[search] load_scaled_wm_weight                                        mean BIC 187.99
[search] set_size_wm_decay                                            mean BIC 200.99
[search] set_size_wm_noise                                            mean BIC 206.53
[search] unified_wm_update_decay                                      mean BIC 183.23
[search] wm_asymmetric_update_p1                                      mean BIC 183.23
[search] wm_asymmetric_update_p2                                      mean BIC 184.63
[search] wm_normalization                                             mean BIC 196.24
[search] wm_perfect_encoding_on_reward                                mean BIC 183.06
[search] wm_set_size_retrieval_noise                                  mean BIC 195.37
[search] action_stickiness+arbitration_scaled_wm_update               mean BIC 183.23
[search] action_stickiness+asymmetric_fixed_wm_update                 mean BIC 176.20
[search] action_stickiness+asymmetric_rl_learning_rates               mean BIC 184.88
[search] action_stickiness+asymmetric_wm_update                       mean BIC 186.43
[search] action_stickiness+eligibility_trace                          mean BIC 178.24
[search] action_stickiness+load_dependent_wm_decay_global             mean BIC 181.28
[search] action_stickiness+load_driven_wm_noise                       mean BIC 179.32
[search] action_stickiness+load_scaled_wm_weight                      mean BIC 171.33
[search] action_stickiness+set_size_wm_decay                          mean BIC 179.28
[search] action_stickiness+set_size_wm_noise                          mean BIC 186.43
[search] action_stickiness+unified_wm_update_decay                    mean BIC 183.20
[search] action_stickiness+wm_asymmetric_update_p1                    mean BIC 183.20
[search] action_stickiness+wm_asymmetric_update_p2                    mean BIC 186.64
[search] action_stickiness+wm_normalization                           mean BIC 176.14
[search] action_stickiness+wm_perfect_encoding_on_reward              mean BIC 178.05
[search] action_stickiness+wm_set_size_retrieval_noise                mean BIC 184.75
[search] action_stickiness+arbitration_scaled_wm_update+load_scaled_wm_weight mean BIC 180.88
[search] action_stickiness+asymmetric_fixed_wm_update+load_scaled_wm_weight mean BIC 171.45
[search] action_stickiness+eligibility_trace+load_scaled_wm_weight    mean BIC 174.43
[search] action_stickiness+load_dependent_wm_decay_global+load_scaled_wm_weight mean BIC 176.48
[search] action_stickiness+load_driven_wm_noise+load_scaled_wm_weight mean BIC 174.85
[search] action_stickiness+load_scaled_wm_weight+set_size_wm_decay    mean BIC 176.48
[search] action_stickiness+load_scaled_wm_weight+unified_wm_update_decay mean BIC 180.81
[search] action_stickiness+load_scaled_wm_weight+wm_asymmetric_update_p1 mean BIC 180.81
[search] action_stickiness+load_scaled_wm_weight+wm_normalization     mean BIC 171.33
[search] action_stickiness+load_scaled_wm_weight+wm_perfect_encoding_on_reward mean BIC 175.66
[search] action_stickiness+load_scaled_wm_weight+wm_set_size_retrieval_noise mean BIC 189.90
[reconstruct] p49 library 171.33 vs individual 191.56 vs group 184.82
OG-protocol run complete -> results/rlwm_individual/library_composition/og_protocol
  mean BIC 190.31
[search] asymmetric_fixed_wm_update                                   mean BIC 185.40
[search] asymmetric_rl_learning_rates                                 mean BIC 194.62
[search] asymmetric_wm_update                                         mean BIC 195.77
[search] choice_perseveration                                         mean BIC 189.81
[search] eligibility_trace                                            mean BIC 189.26
[search] load_dependent_wm_decay_global                               mean BIC 189.28
[search] load_dependent_wm_learning                                   mean BIC 198.38
[search] load_driven_wm_noise                                         mean BIC 189.66
[search] load_scaled_wm_weight                                        mean BIC 185.07
[search] set_size_wm_decay                                            mean BIC 188.19
[search] set_size_wm_noise                                            mean BIC 195.77
[search] unified_wm_update_decay                                      mean BIC 192.17
[search] wm_asymmetric_update_p1                                      mean BIC 192.17
[search] wm_asymmetric_update_p2                                      mean BIC 195.40
[search] wm_normalization                                             mean BIC 185.30
[search] wm_perfect_encoding_on_reward                                mean BIC 186.93
[search] wm_set_size_retrieval_noise                                  mean BIC 189.80
[search] action_stickiness+load_scaled_wm_weight                      mean BIC 189.29
[search] arbitration_scaled_wm_update+load_scaled_wm_weight           mean BIC 194.72
[search] asymmetric_fixed_wm_update+load_scaled_wm_weight             mean BIC 185.43
[search] asymmetric_rl_learning_rates+load_scaled_wm_weight           mean BIC 194.56
[search] asymmetric_wm_update+load_scaled_wm_weight                   mean BIC 195.54
[search] choice_perseveration+load_scaled_wm_weight                   mean BIC 189.29
[search] eligibility_trace+load_scaled_wm_weight                      mean BIC 188.98
[search] load_dependent_wm_decay_global+load_scaled_wm_weight         mean BIC 190.30
[search] load_driven_wm_noise+load_scaled_wm_weight                   mean BIC 189.24
[search] load_scaled_wm_weight+set_size_wm_decay                      mean BIC 190.30
[search] load_scaled_wm_weight+set_size_wm_noise                      mean BIC 195.54
[search] load_scaled_wm_weight+unified_wm_update_decay                mean BIC 196.43
[search] load_scaled_wm_weight+wm_asymmetric_update_p1                mean BIC 197.41
[search] load_scaled_wm_weight+wm_asymmetric_update_p2                mean BIC 201.71
[search] load_scaled_wm_weight+wm_normalization                       mean BIC 185.07
[search] load_scaled_wm_weight+wm_perfect_encoding_on_reward          mean BIC 192.17
[search] load_scaled_wm_weight+wm_set_size_retrieval_noise            mean BIC 195.03
[search] action_stickiness+load_scaled_wm_weight+wm_normalization     mean BIC 189.29
[search] arbitration_scaled_wm_update+load_scaled_wm_weight+wm_normalization mean BIC 194.72
[search] asymmetric_fixed_wm_update+load_scaled_wm_weight+wm_normalization mean BIC 185.43
[search] asymmetric_rl_learning_rates+load_scaled_wm_weight+wm_normalization mean BIC 194.56
[search] asymmetric_wm_update+load_scaled_wm_weight+wm_normalization  mean BIC 195.54
[search] choice_perseveration+load_scaled_wm_weight+wm_normalization  mean BIC 189.29
[search] eligibility_trace+load_scaled_wm_weight+wm_normalization     mean BIC 188.98
[search] load_dependent_wm_decay_global+load_scaled_wm_weight+wm_normalization mean BIC 190.29
[search] load_driven_wm_noise+load_scaled_wm_weight+wm_normalization  mean BIC 196.95
[search] load_scaled_wm_weight+set_size_wm_decay+wm_normalization     mean BIC 196.95
[search] load_scaled_wm_weight+set_size_wm_noise+wm_normalization     mean BIC 195.54
[search] load_scaled_wm_weight+unified_wm_update_decay+wm_normalization mean BIC 197.41
[search] load_scaled_wm_weight+wm_asymmetric_update_p1+wm_normalization mean BIC 197.41
[search] load_scaled_wm_weight+wm_asymmetric_update_p2+wm_normalization mean BIC 201.64
[search] load_scaled_wm_weight+wm_normalization+wm_perfect_encoding_on_reward mean BIC 192.17
[search] load_scaled_wm_weight+wm_normalization+wm_set_size_retrieval_noise mean BIC 195.03
[reconstruct] p4 library 185.30 vs individual 192.57 vs group 198.55
[search] backbone                                                     mean BIC 256.25
[search] action_stickiness                                            mean BIC 244.77
[search] arbitration_scaled_wm_update                                 mean BIC 248.81
[search] asymmetric_fixed_wm_update                                   mean BIC 256.21
[search] asymmetric_rl_learning_rates                                 mean BIC 253.91
[search] asymmetric_wm_update                                         mean BIC 254.83
[search] choice_perseveration                                         mean BIC 244.77
[search] eligibility_trace                                            mean BIC 261.37
[search] load_dependent_wm_decay_global                               mean BIC 252.46
[search] load_dependent_wm_learning                                   mean BIC 252.25
[search] load_driven_wm_noise                                         mean BIC 257.53
[search] load_scaled_wm_weight                                        mean BIC 253.40
[search] set_size_wm_decay                                            mean BIC 254.03
[search] set_size_wm_noise                                            mean BIC 266.70
[search] unified_wm_update_decay                                      mean BIC 246.30
[search] wm_asymmetric_update_p1                                      mean BIC 246.37
[search] wm_asymmetric_update_p2                                      mean BIC 247.39
[search] wm_normalization                                             mean BIC 256.25
[search] wm_perfect_encoding_on_reward                                mean BIC 248.77
[search] wm_set_size_retrieval_noise                                  mean BIC 256.26
[search] action_stickiness+arbitration_scaled_wm_update               mean BIC 251.17
[search] action_stickiness+asymmetric_fixed_wm_update                 mean BIC 244.96
[search] action_stickiness+asymmetric_rl_learning_rates               mean BIC 252.66
[search] action_stickiness+asymmetric_wm_update                       mean BIC 255.22
[search] action_stickiness+eligibility_trace                          mean BIC 249.99
[search] action_stickiness+load_dependent_wm_decay_global             mean BIC 246.62
[search] action_stickiness+load_driven_wm_noise                       mean BIC 245.90
[search] action_stickiness+load_scaled_wm_weight                      mean BIC 243.68
[search] action_stickiness+set_size_wm_decay                          mean BIC 246.72
[search] action_stickiness+set_size_wm_noise                          mean BIC 255.22
[search] action_stickiness+unified_wm_update_decay                    mean BIC 251.10
[search] action_stickiness+wm_asymmetric_update_p1                    mean BIC 251.70
[search] action_stickiness+wm_asymmetric_update_p2                    mean BIC 252.33
[search] action_stickiness+wm_normalization                           mean BIC 244.77
[search] action_stickiness+wm_perfect_encoding_on_reward              mean BIC 248.16
[search] action_stickiness+wm_set_size_retrieval_noise                mean BIC 250.12
[search] action_stickiness+arbitration_scaled_wm_update+load_scaled_wm_weight mean BIC 254.18
[search] action_stickiness+asymmetric_fixed_wm_update+load_scaled_wm_weight mean BIC 243.98
[search] action_stickiness+eligibility_trace+load_scaled_wm_weight    mean BIC 248.91
[search] action_stickiness+load_dependent_wm_decay_global+load_scaled_wm_weight mean BIC 248.91
[search] action_stickiness+load_driven_wm_noise+load_scaled_wm_weight mean BIC 247.54
[search] action_stickiness+load_scaled_wm_weight+set_size_wm_decay    mean BIC 248.91
[search] action_stickiness+load_scaled_wm_weight+unified_wm_update_decay mean BIC 255.36
[search] action_stickiness+load_scaled_wm_weight+wm_asymmetric_update_p1 mean BIC 255.78
[search] action_stickiness+load_scaled_wm_weight+wm_normalization     mean BIC 243.68
[search] action_stickiness+load_scaled_wm_weight+wm_perfect_encoding_on_reward mean BIC 250.55
[search] action_stickiness+load_scaled_wm_weight+wm_set_size_retrieval_noise mean BIC 255.35
[search] action_stickiness+arbitration_scaled_wm_update+load_scaled_wm_weight+wm_normalization mean BIC 254.18
[search] action_stickiness+asymmetric_fixed_wm_update+load_scaled_wm_weight+wm_normalization mean BIC 243.98
[search] action_stickiness+eligibility_trace+load_scaled_wm_weight+wm_normalization mean BIC 248.91
[search] action_stickiness+load_dependent_wm_decay_global+load_scaled_wm_weight+wm_normalization mean BIC 248.91
[search] action_stickiness+load_driven_wm_noise+load_scaled_wm_weight+wm_normalization mean BIC 247.54
[search] action_stickiness+load_scaled_wm_weight+set_size_wm_decay+wm_normalization mean BIC 248.91
[search] action_stickiness+load_scaled_wm_weight+unified_wm_update_decay+wm_normalization mean BIC 255.36
[search] action_stickiness+load_scaled_wm_weight+wm_asymmetric_update_p1+wm_normalization mean BIC 255.78
[search] action_stickiness+load_scaled_wm_weight+wm_normalization+wm_perfect_encoding_on_reward mean BIC 250.55
[search] action_stickiness+load_scaled_wm_weight+wm_normalization+wm_set_size_retrieval_noise mean BIC 255.35
[reconstruct] p6 library 243.68 vs individual 219.23 vs group 253.11
[search] backbone                                                     mean BIC 165.55
[search] action_stickiness                                            mean BIC 170.10
[search] arbitration_scaled_wm_update                                 mean BIC 170.76
[search] asymmetric_fixed_wm_update                                   mean BIC 165.85
[search] asymmetric_rl_learning_rates                                 mean BIC 175.76
[search] asymmetric_wm_update                                         mean BIC 176.02
[search] choice_perseveration                                         mean BIC 170.10
[search] eligibility_trace                                            mean BIC 170.31
[search] load_dependent_wm_decay_global                               mean BIC 174.34
[search] load_dependent_wm_learning                                   mean BIC 179.73
[search] load_driven_wm_noise                                         mean BIC 170.65
[search] load_scaled_wm_weight                                        mean BIC 168.41
[search] set_size_wm_decay                                            mean BIC 170.79
[search] set_size_wm_noise                                            mean BIC 176.02
[search] unified_wm_update_decay                                      mean BIC 170.75
[search] wm_asymmetric_update_p1                                      mean BIC 180.87
[search] wm_asymmetric_update_p2                                      mean BIC 174.54
[search] wm_normalization                                             mean BIC 165.55
[search] wm_perfect_encoding_on_reward                                mean BIC 177.40
[search] wm_set_size_retrieval_noise                                  mean BIC 171.84
[reconstruct] p7 library 165.55 vs individual 173.98 vs group 177.80
[search] backbone                                                     mean BIC 387.41
[search] action_stickiness                                            mean BIC 392.40
[search] arbitration_scaled_wm_update                                 mean BIC 389.69
[search] asymmetric_fixed_wm_update                                   mean BIC 387.29
[search] asymmetric_rl_learning_rates                                 mean BIC 395.09
[search] asymmetric_wm_update                                         mean BIC 397.41
[search] choice_perseveration                                         mean BIC 392.40
[search] eligibility_trace                                            mean BIC 392.63
[search] load_dependent_wm_decay_global                               mean BIC 383.37
[search] load_dependent_wm_learning                                   mean BIC 399.40
[search] load_driven_wm_noise                                         mean BIC 390.08
[search] load_scaled_wm_weight                                        mean BIC 389.35
[search] set_size_wm_decay                                            mean BIC 378.84
[search] set_size_wm_noise                                            mean BIC 397.84
[search] unified_wm_update_decay                                      mean BIC 390.71
[search] wm_asymmetric_update_p1                                      mean BIC 390.70
[search] wm_asymmetric_update_p2                                      mean BIC 392.99
[search] wm_normalization                                             mean BIC 387.41
[search] wm_perfect_encoding_on_reward                                mean BIC 388.26
[search] wm_set_size_retrieval_noise                                  mean BIC 390.44
[search] action_stickiness+set_size_wm_decay                          mean BIC 383.90
[search] arbitration_scaled_wm_update+set_size_wm_decay               mean BIC 386.56
[search] asymmetric_fixed_wm_update+set_size_wm_decay                 mean BIC 377.21
[search] asymmetric_rl_learning_rates+set_size_wm_decay               mean BIC 387.49
[search] asymmetric_wm_update+set_size_wm_decay                       mean BIC 387.03
[search] choice_perseveration+set_size_wm_decay                       mean BIC 383.90
[search] eligibility_trace+set_size_wm_decay                          mean BIC 383.95
[search] load_driven_wm_noise+set_size_wm_decay                       mean BIC 384.07
[search] load_scaled_wm_weight+set_size_wm_decay                      mean BIC 384.06
[search] set_size_wm_decay+set_size_wm_noise                          mean BIC 383.45
[search] set_size_wm_decay+unified_wm_update_decay                    mean BIC 386.61
[search] set_size_wm_decay+wm_asymmetric_update_p1                    mean BIC 386.36
[search] set_size_wm_decay+wm_asymmetric_update_p2                    mean BIC 393.36
[search] set_size_wm_decay+wm_normalization                           mean BIC 378.89
[search] set_size_wm_decay+wm_perfect_encoding_on_reward              mean BIC 381.14
[search] set_size_wm_decay+wm_set_size_retrieval_noise                mean BIC 380.67
[search] action_stickiness+asymmetric_fixed_wm_update+set_size_wm_decay mean BIC 381.96
[search] asymmetric_fixed_wm_update+asymmetric_rl_learning_rates+set_size_wm_decay mean BIC 386.45
[search] asymmetric_fixed_wm_update+choice_perseveration+set_size_wm_decay mean BIC 381.96
[search] asymmetric_fixed_wm_update+eligibility_trace+set_size_wm_decay mean BIC 382.42
[search] asymmetric_fixed_wm_update+load_driven_wm_noise+set_size_wm_decay mean BIC 382.42
[search] asymmetric_fixed_wm_update+load_scaled_wm_weight+set_size_wm_decay mean BIC 382.42
[search] asymmetric_fixed_wm_update+set_size_wm_decay+set_size_wm_noise mean BIC 388.90
[search] asymmetric_fixed_wm_update+set_size_wm_decay+wm_normalization mean BIC 381.85
[search] asymmetric_fixed_wm_update+set_size_wm_decay+wm_set_size_retrieval_noise mean BIC 379.71
[reconstruct] p8 library 377.21 vs individual 378.11 vs group 385.78
[search] backbone                                                     mean BIC 211.75
[search] action_stickiness                                            mean BIC 214.71
[search] arbitration_scaled_wm_update                                 mean BIC 213.77
[search] asymmetric_fixed_wm_update                                   mean BIC 211.82
[search] asymmetric_rl_learning_rates                                 mean BIC 219.31
[search] asymmetric_wm_update                                         mean BIC 222.20
[search] choice_perseveration                                         mean BIC 214.71
[search] eligibility_trace                                            mean BIC 213.72
[search] load_dependent_wm_decay_global                               mean BIC 215.79
[search] load_dependent_wm_learning                                   mean BIC 215.14
[search] load_driven_wm_noise                                         mean BIC 215.26
[search] load_scaled_wm_weight                                        mean BIC 208.27
[search] set_size_wm_decay                                            mean BIC 220.89
[search] set_size_wm_noise                                            mean BIC 222.20
[search] unified_wm_update_decay                                      mean BIC 213.94
[search] wm_asymmetric_update_p1                                      mean BIC 218.38
[search] wm_asymmetric_update_p2                                      mean BIC 211.56
[search] wm_normalization                                             mean BIC 211.75
[search] wm_perfect_encoding_on_reward                                mean BIC 218.38
[search] wm_set_size_retrieval_noise                                  mean BIC 217.70
[search] action_stickiness+load_scaled_wm_weight                      mean BIC 212.57
[search] arbitration_scaled_wm_update+load_scaled_wm_weight           mean BIC 217.28
[search] asymmetric_fixed_wm_update+load_scaled_wm_weight             mean BIC 207.66
[search] asymmetric_rl_learning_rates+load_scaled_wm_weight           mean BIC 217.47
[search] asymmetric_wm_update+load_scaled_wm_weight                   mean BIC 217.64
[search] choice_perseveration+load_scaled_wm_weight                   mean BIC 212.57
[search] eligibility_trace+load_scaled_wm_weight                      mean BIC 211.61
[search] load_dependent_wm_decay_global+load_scaled_wm_weight         mean BIC 212.78
[search] load_driven_wm_noise+load_scaled_wm_weight                   mean BIC 213.24
[search] load_scaled_wm_weight+set_size_wm_decay                      mean BIC 212.23
[search] load_scaled_wm_weight+set_size_wm_noise                      mean BIC 216.10
[search] load_scaled_wm_weight+unified_wm_update_decay                mean BIC 217.69
[search] load_scaled_wm_weight+wm_asymmetric_update_p1                mean BIC 217.69
[search] load_scaled_wm_weight+wm_asymmetric_update_p2                mean BIC 222.61
[search] load_scaled_wm_weight+wm_normalization                       mean BIC 208.27
[search] load_scaled_wm_weight+wm_perfect_encoding_on_reward          mean BIC 212.47
[search] load_scaled_wm_weight+wm_set_size_retrieval_noise            mean BIC 222.93
[search] action_stickiness+asymmetric_fixed_wm_update+load_scaled_wm_weight mean BIC 212.21
[search] asymmetric_fixed_wm_update+asymmetric_rl_learning_rates+load_scaled_wm_weight mean BIC 217.01
[search] asymmetric_fixed_wm_update+choice_perseveration+load_scaled_wm_weight mean BIC 212.21
[search] asymmetric_fixed_wm_update+eligibility_trace+load_scaled_wm_weight mean BIC 211.34
[search] asymmetric_fixed_wm_update+load_dependent_wm_decay_global+load_scaled_wm_weight mean BIC 211.67
[search] asymmetric_fixed_wm_update+load_driven_wm_noise+load_scaled_wm_weight mean BIC 212.14
[search] asymmetric_fixed_wm_update+load_scaled_wm_weight+set_size_wm_decay mean BIC 211.28
[search] asymmetric_fixed_wm_update+load_scaled_wm_weight+set_size_wm_noise mean BIC 215.94
[search] asymmetric_fixed_wm_update+load_scaled_wm_weight+wm_normalization mean BIC 207.66
[search] asymmetric_fixed_wm_update+load_scaled_wm_weight+wm_set_size_retrieval_noise mean BIC 222.93
<string>:57: RuntimeWarning: overflow encountered in exp
[reconstruct] p9 library 207.66 vs individual 206.10 vs group 211.64
[search] backbone                                                     mean BIC 254.48
[search] action_stickiness                                            mean BIC 255.66
[search] arbitration_scaled_wm_update                                 mean BIC 257.87
[search] asymmetric_fixed_wm_update                                   mean BIC 254.66
[search] asymmetric_rl_learning_rates                                 mean BIC 262.97
[search] asymmetric_wm_update                                         mean BIC 263.90
[search] choice_perseveration                                         mean BIC 255.66
[search] eligibility_trace                                            mean BIC 256.49
[search] load_dependent_wm_decay_global                               mean BIC 246.85
[search] load_dependent_wm_learning                                   mean BIC 255.60
[search] load_driven_wm_noise                                         mean BIC 254.65
[search] load_scaled_wm_weight                                        mean BIC 242.26
[search] set_size_wm_decay                                            mean BIC 243.40
[search] set_size_wm_noise                                            mean BIC 264.94
[search] unified_wm_update_decay                                      mean BIC 257.91
[search] wm_asymmetric_update_p1                                      mean BIC 262.50
[search] wm_asymmetric_update_p2                                      mean BIC 262.08
[search] wm_normalization                                             mean BIC 254.48
[search] wm_perfect_encoding_on_reward                                mean BIC 260.85
[search] wm_set_size_retrieval_noise                                  mean BIC 255.17
[search] action_stickiness+load_scaled_wm_weight                      mean BIC 246.19
[search] arbitration_scaled_wm_update+load_scaled_wm_weight           mean BIC 254.46
[search] asymmetric_fixed_wm_update+load_scaled_wm_weight             mean BIC 242.56
[search] asymmetric_rl_learning_rates+load_scaled_wm_weight           mean BIC 249.96
[search] asymmetric_wm_update+load_scaled_wm_weight                   mean BIC 252.72
[search] choice_perseveration+load_scaled_wm_weight                   mean BIC 246.19
[search] eligibility_trace+load_scaled_wm_weight                      mean BIC 245.77
[search] load_dependent_wm_decay_global+load_scaled_wm_weight         mean BIC 245.81
[search] load_driven_wm_noise+load_scaled_wm_weight                   mean BIC 268.72
[search] load_scaled_wm_weight+set_size_wm_decay                      mean BIC 247.49
[search] load_scaled_wm_weight+set_size_wm_noise                      mean BIC 250.90
[search] load_scaled_wm_weight+unified_wm_update_decay                mean BIC 254.70
[search] load_scaled_wm_weight+wm_asymmetric_update_p1                mean BIC 254.70
[search] load_scaled_wm_weight+wm_asymmetric_update_p2                mean BIC 259.75
[search] load_scaled_wm_weight+wm_normalization                       mean BIC 242.26
[search] load_scaled_wm_weight+wm_perfect_encoding_on_reward          mean BIC 249.47
[search] load_scaled_wm_weight+wm_set_size_retrieval_noise            mean BIC 260.48
[search] action_stickiness+load_scaled_wm_weight+wm_normalization     mean BIC 246.19
[search] arbitration_scaled_wm_update+load_scaled_wm_weight+wm_normalization mean BIC 254.46
[search] asymmetric_fixed_wm_update+load_scaled_wm_weight+wm_normalization mean BIC 242.56
[search] asymmetric_rl_learning_rates+load_scaled_wm_weight+wm_normalization mean BIC 249.96
[search] asymmetric_wm_update+load_scaled_wm_weight+wm_normalization  mean BIC 252.72
[search] choice_perseveration+load_scaled_wm_weight+wm_normalization  mean BIC 246.19
[search] eligibility_trace+load_scaled_wm_weight+wm_normalization     mean BIC 245.77
[search] load_dependent_wm_decay_global+load_scaled_wm_weight+wm_normalization mean BIC 247.00
[search] load_driven_wm_noise+load_scaled_wm_weight+wm_normalization  mean BIC 245.23
[search] load_scaled_wm_weight+set_size_wm_decay+wm_normalization     mean BIC 246.78
[search] load_scaled_wm_weight+set_size_wm_noise+wm_normalization     mean BIC 252.72
[search] load_scaled_wm_weight+unified_wm_update_decay+wm_normalization mean BIC 254.70
[search] load_scaled_wm_weight+wm_asymmetric_update_p1+wm_normalization mean BIC 254.70
[search] load_scaled_wm_weight+wm_asymmetric_update_p2+wm_normalization mean BIC 259.75
[search] load_scaled_wm_weight+wm_normalization+wm_perfect_encoding_on_reward mean BIC 249.47
[search] load_scaled_wm_weight+wm_normalization+wm_set_size_retrieval_noise mean BIC 260.40
[reconstruct] p36 library 242.26 vs individual 215.38 vs group 253.32
[search] backbone                                                     mean BIC 358.12
[search] action_stickiness                                            mean BIC 359.77
[search] arbitration_scaled_wm_update                                 mean BIC 353.87
[search] asymmetric_fixed_wm_update                                   mean BIC 358.05
[search] asymmetric_rl_learning_rates                                 mean BIC 360.13
[search] asymmetric_wm_update                                         mean BIC 366.02
[search] choice_perseveration                                         mean BIC 359.77
[search] eligibility_trace                                            mean BIC 358.67
[search] load_dependent_wm_decay_global                               mean BIC 360.17
[search] load_dependent_wm_learning                                   mean BIC 354.57
[search] load_driven_wm_noise                                         mean BIC 361.21
[search] load_scaled_wm_weight                                        mean BIC 359.77
[search] set_size_wm_decay                                            mean BIC 353.60
[search] set_size_wm_noise                                            mean BIC 368.17
[search] unified_wm_update_decay                                      mean BIC 352.51
[search] wm_asymmetric_update_p1                                      mean BIC 352.51
[search] wm_asymmetric_update_p2                                      mean BIC 350.95
[search] wm_normalization                                             mean BIC 358.12
[search] wm_perfect_encoding_on_reward                                mean BIC 353.51
[search] wm_set_size_retrieval_noise                                  mean BIC 359.85
[search] action_stickiness+wm_asymmetric_update_p2                    mean BIC 356.13
[search] choice_perseveration+wm_asymmetric_update_p2                 mean BIC 356.13
[search] eligibility_trace+wm_asymmetric_update_p2                    mean BIC 356.82
[search] load_dependent_wm_decay_global+wm_asymmetric_update_p2       mean BIC 355.99
[search] load_driven_wm_noise+wm_asymmetric_update_p2                 mean BIC 356.82
[search] load_scaled_wm_weight+wm_asymmetric_update_p2                mean BIC 356.82
[search] set_size_wm_decay+wm_asymmetric_update_p2                    mean BIC 363.45
[search] wm_asymmetric_update_p2+wm_normalization                     mean BIC 351.62
[search] wm_asymmetric_update_p2+wm_set_size_retrieval_noise          mean BIC 367.59
[reconstruct] p38 library 350.95 vs individual 356.97 vs group 356.58
[search] backbone                                                     mean BIC 385.76
[search] action_stickiness                                            mean BIC 383.32
[search] arbitration_scaled_wm_update                                 mean BIC 383.85
[search] asymmetric_fixed_wm_update                                   mean BIC 385.74
[search] asymmetric_rl_learning_rates                                 mean BIC 388.76
[search] asymmetric_wm_update                                         mean BIC 392.18
[search] choice_perseveration                                         mean BIC 383.32
[search] eligibility_trace                                            mean BIC 390.96
[search] load_dependent_wm_decay_global                               mean BIC 375.28
[search] load_dependent_wm_learning                                   mean BIC 389.94
[search] load_driven_wm_noise                                         mean BIC 385.71
[search] load_scaled_wm_weight                                        mean BIC 382.11
[search] set_size_wm_decay                                            mean BIC 375.24
[search] set_size_wm_noise                                            mean BIC 396.15
[search] unified_wm_update_decay                                      mean BIC 386.33
[search] wm_asymmetric_update_p1                                      mean BIC 386.63
[search] wm_asymmetric_update_p2                                      mean BIC 389.05
[search] wm_normalization                                             mean BIC 385.76
[search] wm_perfect_encoding_on_reward                                mean BIC 381.78
[search] wm_set_size_retrieval_noise                                  mean BIC 382.38
[search] action_stickiness+set_size_wm_decay                          mean BIC 374.46
[search] arbitration_scaled_wm_update+set_size_wm_decay               mean BIC 381.07
[search] asymmetric_fixed_wm_update+set_size_wm_decay                 mean BIC 372.38
[search] asymmetric_rl_learning_rates+set_size_wm_decay               mean BIC 382.48
[search] asymmetric_wm_update+set_size_wm_decay                       mean BIC 382.94
[search] choice_perseveration+set_size_wm_decay                       mean BIC 374.46
[search] eligibility_trace+set_size_wm_decay                          mean BIC 380.32
[search] load_driven_wm_noise+set_size_wm_decay                       mean BIC 395.95
[search] load_scaled_wm_weight+set_size_wm_decay                      mean BIC 380.84
[search] set_size_wm_decay+set_size_wm_noise                          mean BIC 380.80
[search] set_size_wm_decay+unified_wm_update_decay                    mean BIC 381.25
[search] set_size_wm_decay+wm_asymmetric_update_p1                    mean BIC 380.49
[search] set_size_wm_decay+wm_asymmetric_update_p2                    mean BIC 385.51
[search] set_size_wm_decay+wm_normalization                           mean BIC 375.22
[search] set_size_wm_decay+wm_perfect_encoding_on_reward              mean BIC 375.09
[search] set_size_wm_decay+wm_set_size_retrieval_noise                mean BIC 387.58
[search] action_stickiness+asymmetric_fixed_wm_update+set_size_wm_decay mean BIC 378.07
[search] asymmetric_fixed_wm_update+asymmetric_rl_learning_rates+set_size_wm_decay mean BIC 384.50
[search] asymmetric_fixed_wm_update+choice_perseveration+set_size_wm_decay mean BIC 375.64
[search] asymmetric_fixed_wm_update+eligibility_trace+set_size_wm_decay mean BIC 377.57
[search] asymmetric_fixed_wm_update+load_driven_wm_noise+set_size_wm_decay mean BIC 395.95
[search] asymmetric_fixed_wm_update+load_scaled_wm_weight+set_size_wm_decay mean BIC 377.59
[search] asymmetric_fixed_wm_update+set_size_wm_decay+set_size_wm_noise mean BIC 379.56
[search] asymmetric_fixed_wm_update+set_size_wm_decay+wm_normalization mean BIC 372.38
[search] asymmetric_fixed_wm_update+set_size_wm_decay+wm_set_size_retrieval_noise mean BIC 373.79
[reconstruct] p39 library 372.38 vs individual 380.22 vs group 383.46
[search] backbone                                                     mean BIC 371.92
[search] action_stickiness                                            mean BIC 369.42
[search] arbitration_scaled_wm_update                                 mean BIC 373.48
[search] asymmetric_fixed_wm_update                                   mean BIC 371.92
[search] asymmetric_rl_learning_rates                                 mean BIC 370.71
[search] asymmetric_wm_update                                         mean BIC 370.78
[search] choice_perseveration                                         mean BIC 369.42
[search] eligibility_trace                                            mean BIC 375.74
[search] load_dependent_wm_decay_global                               mean BIC 368.59
[search] load_dependent_wm_learning                                   mean BIC 364.32
[search] load_driven_wm_noise                                         mean BIC 375.85
[search] load_scaled_wm_weight                                        mean BIC 370.47
[search] set_size_wm_decay                                            mean BIC 361.71
[search] set_size_wm_noise                                            mean BIC 382.21
[search] unified_wm_update_decay                                      mean BIC 365.76
[search] wm_asymmetric_update_p1                                      mean BIC 365.76
[search] wm_asymmetric_update_p2                                      mean BIC 367.70
[search] wm_normalization                                             mean BIC 371.92
[search] wm_perfect_encoding_on_reward                                mean BIC 370.65
[search] wm_set_size_retrieval_noise                                  mean BIC 368.28
[search] action_stickiness+set_size_wm_decay                          mean BIC 359.76
[search] arbitration_scaled_wm_update+set_size_wm_decay               mean BIC 361.93
[search] asymmetric_fixed_wm_update+set_size_wm_decay                 mean BIC 360.31
[search] asymmetric_rl_learning_rates+set_size_wm_decay               mean BIC 366.22
[search] asymmetric_wm_update+set_size_wm_decay                       mean BIC 366.75
[search] choice_perseveration+set_size_wm_decay                       mean BIC 359.66
[search] eligibility_trace+set_size_wm_decay                          mean BIC 366.66
[search] load_driven_wm_noise+set_size_wm_decay                       mean BIC 365.69
[search] load_scaled_wm_weight+set_size_wm_decay                      mean BIC 366.02
[search] set_size_wm_decay+set_size_wm_noise                          mean BIC 371.07
[search] set_size_wm_decay+unified_wm_update_decay                    mean BIC 364.58
[search] set_size_wm_decay+wm_asymmetric_update_p1                    mean BIC 364.58
[search] set_size_wm_decay+wm_asymmetric_update_p2                    mean BIC 366.75
[search] set_size_wm_decay+wm_normalization                           mean BIC 362.98
[search] set_size_wm_decay+wm_perfect_encoding_on_reward              mean BIC 360.31
[search] set_size_wm_decay+wm_set_size_retrieval_noise                mean BIC 381.27
[search] arbitration_scaled_wm_update+choice_perseveration+set_size_wm_decay mean BIC 366.90
[search] asymmetric_fixed_wm_update+choice_perseveration+set_size_wm_decay mean BIC 362.63
[search] choice_perseveration+eligibility_trace+set_size_wm_decay     mean BIC 364.76
[search] choice_perseveration+load_driven_wm_noise+set_size_wm_decay  mean BIC 363.14
[search] choice_perseveration+load_scaled_wm_weight+set_size_wm_decay mean BIC 364.80
[search] choice_perseveration+set_size_wm_decay+unified_wm_update_decay mean BIC 368.36
[search] choice_perseveration+set_size_wm_decay+wm_asymmetric_update_p1 mean BIC 368.43
[search] choice_perseveration+set_size_wm_decay+wm_normalization      mean BIC 360.09
[search] choice_perseveration+set_size_wm_decay+wm_perfect_encoding_on_reward mean BIC 363.98
[search] choice_perseveration+set_size_wm_decay+wm_set_size_retrieval_noise mean BIC 379.22
[reconstruct] p41 library 360.31 vs individual 379.49 vs group 362.57
[search] backbone                                                     mean BIC 319.97
[search] action_stickiness                                            mean BIC 307.00
[search] arbitration_scaled_wm_update                                 mean BIC 299.59
[search] asymmetric_fixed_wm_update                                   mean BIC 319.97
[search] asymmetric_rl_learning_rates                                 mean BIC 306.68
[search] asymmetric_wm_update                                         mean BIC 330.38
[search] choice_perseveration                                         mean BIC 307.00
[search] eligibility_trace                                            mean BIC 318.22
[search] load_dependent_wm_decay_global                               mean BIC 307.71
[search] load_dependent_wm_learning                                   mean BIC 299.58
[search] load_driven_wm_noise                                         mean BIC 323.98
[search] load_scaled_wm_weight                                        mean BIC 315.24
[search] set_size_wm_decay                                            mean BIC 308.47
[search] set_size_wm_noise                                            mean BIC 330.38
[search] unified_wm_update_decay                                      mean BIC 299.55
[search] wm_asymmetric_update_p1                                      mean BIC 309.84
[search] wm_asymmetric_update_p2                                      mean BIC 298.83
[search] wm_normalization                                             mean BIC 319.97
[search] wm_perfect_encoding_on_reward                                mean BIC 317.45
[search] wm_set_size_retrieval_noise                                  mean BIC 320.03
[search] action_stickiness+wm_asymmetric_update_p2                    mean BIC 301.38
[search] choice_perseveration+wm_asymmetric_update_p2                 mean BIC 301.38
[search] eligibility_trace+wm_asymmetric_update_p2                    mean BIC 304.03
[search] load_dependent_wm_decay_global+wm_asymmetric_update_p2       mean BIC 300.25
[search] load_driven_wm_noise+wm_asymmetric_update_p2                 mean BIC 304.03
[search] load_scaled_wm_weight+wm_asymmetric_update_p2                mean BIC 304.03
[search] set_size_wm_decay+wm_asymmetric_update_p2                    mean BIC 300.63
[search] wm_asymmetric_update_p2+wm_normalization                     mean BIC 298.82
[search] wm_asymmetric_update_p2+wm_set_size_retrieval_noise          mean BIC 326.78
[search] action_stickiness+wm_asymmetric_update_p2+wm_normalization   mean BIC 301.38
[search] choice_perseveration+wm_asymmetric_update_p2+wm_normalization mean BIC 301.38
[search] eligibility_trace+wm_asymmetric_update_p2+wm_normalization   mean BIC 304.03
[search] load_dependent_wm_decay_global+wm_asymmetric_update_p2+wm_normalization mean BIC 305.89
[search] load_driven_wm_noise+wm_asymmetric_update_p2+wm_normalization mean BIC 318.66
[search] load_scaled_wm_weight+wm_asymmetric_update_p2+wm_normalization mean BIC 304.03
[search] set_size_wm_decay+wm_asymmetric_update_p2+wm_normalization   mean BIC 300.63
[search] wm_asymmetric_update_p2+wm_normalization+wm_set_size_retrieval_noise mean BIC 326.78
[reconstruct] p42 library 299.55 vs individual 319.35 vs group 308.90
[search] backbone                                                     mean BIC 219.23
[search] action_stickiness                                            mean BIC 214.24
[search] arbitration_scaled_wm_update                                 mean BIC 214.72
[search] asymmetric_fixed_wm_update                                   mean BIC 219.24
[search] asymmetric_rl_learning_rates                                 mean BIC 221.58
[search] asymmetric_wm_update                                         mean BIC 224.56
[search] choice_perseveration                                         mean BIC 214.24
[search] eligibility_trace                                            mean BIC 210.92
[search] load_dependent_wm_decay_global                               mean BIC 224.68
[search] load_dependent_wm_learning                                   mean BIC 221.45
[search] load_driven_wm_noise                                         mean BIC 224.41
[search] load_scaled_wm_weight                                        mean BIC 223.43
[search] set_size_wm_decay                                            mean BIC 223.03
[search] set_size_wm_noise                                            mean BIC 229.60
[search] unified_wm_update_decay                                      mean BIC 214.69
[search] wm_asymmetric_update_p1                                      mean BIC 215.14
[search] wm_asymmetric_update_p2                                      mean BIC 217.03
[search] wm_normalization                                             mean BIC 219.23
[search] wm_perfect_encoding_on_reward                                mean BIC 219.69
[search] wm_set_size_retrieval_noise                                  mean BIC 224.94
[search] action_stickiness+eligibility_trace                          mean BIC 212.55
[search] arbitration_scaled_wm_update+eligibility_trace               mean BIC 218.27
[search] asymmetric_fixed_wm_update+eligibility_trace                 mean BIC 210.92
[search] asymmetric_wm_update+eligibility_trace                       mean BIC 221.30
[search] choice_perseveration+eligibility_trace                       mean BIC 212.55
[search] eligibility_trace+load_dependent_wm_decay_global             mean BIC 218.83
[search] eligibility_trace+load_driven_wm_noise                       mean BIC 218.83
[search] eligibility_trace+load_scaled_wm_weight                      mean BIC 215.49
[search] eligibility_trace+set_size_wm_decay                          mean BIC 218.83
[search] eligibility_trace+set_size_wm_noise                          mean BIC 221.30
[search] eligibility_trace+unified_wm_update_decay                    mean BIC 216.68
[search] eligibility_trace+wm_asymmetric_update_p1                    mean BIC 216.68
[search] eligibility_trace+wm_asymmetric_update_p2                    mean BIC 221.65
[search] eligibility_trace+wm_normalization                           mean BIC 210.92
[search] eligibility_trace+wm_perfect_encoding_on_reward              mean BIC 213.64
[search] eligibility_trace+wm_set_size_retrieval_noise                mean BIC 218.79
[search] action_stickiness+eligibility_trace+wm_normalization         mean BIC 212.55
[search] arbitration_scaled_wm_update+eligibility_trace+wm_normalization mean BIC 218.27
[search] asymmetric_fixed_wm_update+eligibility_trace+wm_normalization mean BIC 210.92
[search] asymmetric_wm_update+eligibility_trace+wm_normalization      mean BIC 221.30
[search] choice_perseveration+eligibility_trace+wm_normalization      mean BIC 212.55
[search] eligibility_trace+load_dependent_wm_decay_global+wm_normalization mean BIC 218.83
[search] eligibility_trace+load_driven_wm_noise+wm_normalization      mean BIC 218.83
[search] eligibility_trace+load_scaled_wm_weight+wm_normalization     mean BIC 215.49
[search] eligibility_trace+set_size_wm_decay+wm_normalization         mean BIC 216.11
[search] eligibility_trace+set_size_wm_noise+wm_normalization         mean BIC 221.30
[search] eligibility_trace+unified_wm_update_decay+wm_normalization   mean BIC 216.68
[search] eligibility_trace+wm_asymmetric_update_p1+wm_normalization   mean BIC 216.68
[search] eligibility_trace+wm_asymmetric_update_p2+wm_normalization   mean BIC 221.65
[search] eligibility_trace+wm_normalization+wm_perfect_encoding_on_reward mean BIC 213.64
[search] eligibility_trace+wm_normalization+wm_set_size_retrieval_noise mean BIC 218.79
[reconstruct] p43 library 210.92 vs individual 228.20 vs group 221.95
[search] backbone                                                     mean BIC 389.23
[search] action_stickiness                                            mean BIC 381.63
[search] arbitration_scaled_wm_update                                 mean BIC 379.77
[search] asymmetric_fixed_wm_update                                   mean BIC 389.23
[search] asymmetric_rl_learning_rates                                 mean BIC 385.66
[search] asymmetric_wm_update                                         mean BIC 395.00
[search] choice_perseveration                                         mean BIC 381.63
[search] eligibility_trace                                            mean BIC 387.39
[search] load_dependent_wm_decay_global                               mean BIC 390.71
[search] load_dependent_wm_learning                                   mean BIC 387.52
[search] load_driven_wm_noise                                         mean BIC 392.97
[search] load_scaled_wm_weight                                        mean BIC 391.76
[search] set_size_wm_decay                                            mean BIC 392.96
[search] set_size_wm_noise                                            mean BIC 399.60
[search] unified_wm_update_decay                                      mean BIC 379.78
[search] wm_asymmetric_update_p1                                      mean BIC 385.97
[search] wm_asymmetric_update_p2                                      mean BIC 383.30
[search] wm_normalization                                             mean BIC 389.23
[search] wm_perfect_encoding_on_reward                                mean BIC 384.62
[search] wm_set_size_retrieval_noise                                  mean BIC 390.01
[search] action_stickiness+arbitration_scaled_wm_update               mean BIC 380.60
[search] arbitration_scaled_wm_update+asymmetric_rl_learning_rates    mean BIC 390.14
[search] arbitration_scaled_wm_update+choice_perseveration            mean BIC 380.60
[search] arbitration_scaled_wm_update+eligibility_trace               mean BIC 383.78
[search] arbitration_scaled_wm_update+load_dependent_wm_decay_global  mean BIC 390.76
[search] arbitration_scaled_wm_update+load_driven_wm_noise            mean BIC 383.89
[search] arbitration_scaled_wm_update+load_scaled_wm_weight           mean BIC 383.54
[search] arbitration_scaled_wm_update+set_size_wm_decay               mean BIC 381.57
[search] arbitration_scaled_wm_update+set_size_wm_noise               mean BIC 389.67
[search] arbitration_scaled_wm_update+wm_normalization                mean BIC 379.77
[search] arbitration_scaled_wm_update+wm_set_size_retrieval_noise     mean BIC 386.73
[reconstruct] p44 library 379.77 vs individual 381.99 vs group 391.07
[search] backbone                                                     mean BIC 288.15
[search] action_stickiness                                            mean BIC 274.45
[search] arbitration_scaled_wm_update                                 mean BIC 273.89
[search] asymmetric_fixed_wm_update                                   mean BIC 288.19
[search] asymmetric_rl_learning_rates                                 mean BIC 280.78
[search] asymmetric_wm_update                                         mean BIC 290.92
[search] choice_perseveration                                         mean BIC 274.45
[search] eligibility_trace                                            mean BIC 281.94
[search] load_dependent_wm_decay_global                               mean BIC 279.79
[search] load_dependent_wm_learning                                   mean BIC 264.95
[search] load_driven_wm_noise                                         mean BIC 291.42
[search] load_scaled_wm_weight                                        mean BIC 283.47
[search] set_size_wm_decay                                            mean BIC 273.88
[search] set_size_wm_noise                                            mean BIC 298.46
[search] unified_wm_update_decay                                      mean BIC 264.49
[search] wm_asymmetric_update_p1                                      mean BIC 264.49
[search] wm_asymmetric_update_p2                                      mean BIC 265.79
[search] wm_normalization                                             mean BIC 288.15
[search] wm_perfect_encoding_on_reward                                mean BIC 280.62
[search] wm_set_size_retrieval_noise                                  mean BIC 291.21
[search] action_stickiness+unified_wm_update_decay                    mean BIC 268.31
[search] asymmetric_rl_learning_rates+unified_wm_update_decay         mean BIC 271.05
[search] choice_perseveration+unified_wm_update_decay                 mean BIC 268.31
[search] eligibility_trace+unified_wm_update_decay                    mean BIC 267.93
[search] load_dependent_wm_decay_global+unified_wm_update_decay       mean BIC 266.39
[search] load_driven_wm_noise+unified_wm_update_decay                 mean BIC 268.89
[search] load_scaled_wm_weight+unified_wm_update_decay                mean BIC 264.28
[search] set_size_wm_decay+unified_wm_update_decay                    mean BIC 276.47
[search] set_size_wm_noise+unified_wm_update_decay                    mean BIC 274.80
[search] unified_wm_update_decay+wm_normalization                     mean BIC 264.49
[search] unified_wm_update_decay+wm_set_size_retrieval_noise          mean BIC 289.19
[search] action_stickiness+load_scaled_wm_weight+unified_wm_update_decay mean BIC 268.13
[search] choice_perseveration+load_scaled_wm_weight+unified_wm_update_decay mean BIC 268.13
[search] eligibility_trace+load_scaled_wm_weight+unified_wm_update_decay mean BIC 266.70
[search] load_dependent_wm_decay_global+load_scaled_wm_weight+unified_wm_update_decay mean BIC 280.36
[search] load_driven_wm_noise+load_scaled_wm_weight+unified_wm_update_decay mean BIC 305.05
[search] load_scaled_wm_weight+set_size_wm_decay+unified_wm_update_decay mean BIC 272.46
[search] load_scaled_wm_weight+unified_wm_update_decay+wm_normalization mean BIC 264.28
[search] load_scaled_wm_weight+unified_wm_update_decay+wm_set_size_retrieval_noise mean BIC 291.16
[search] action_stickiness+load_scaled_wm_weight+unified_wm_update_decay+wm_normalization mean BIC 268.13
[search] choice_perseveration+load_scaled_wm_weight+unified_wm_update_decay+wm_normalization mean BIC 268.13
[search] eligibility_trace+load_scaled_wm_weight+unified_wm_update_decay+wm_normalization mean BIC 266.70
[search] load_dependent_wm_decay_global+load_scaled_wm_weight+unified_wm_update_decay+wm_normalization mean BIC 267.94
[search] load_driven_wm_noise+load_scaled_wm_weight+unified_wm_update_decay+wm_normalization mean BIC 269.44
[search] load_scaled_wm_weight+set_size_wm_decay+unified_wm_update_decay+wm_normalization mean BIC 267.92
[search] load_scaled_wm_weight+unified_wm_update_decay+wm_normalization+wm_set_size_retrieval_noise mean BIC 294.35
[reconstruct] p47 library 264.49 vs individual 263.83 vs group 270.58
[search] backbone                                                     mean BIC 319.35
[search] action_stickiness                                            mean BIC 297.31
[search] arbitration_scaled_wm_update                                 mean BIC 296.86
[search] asymmetric_fixed_wm_update                                   mean BIC 319.35
[search] asymmetric_rl_learning_rates                                 mean BIC 301.75
[search] asymmetric_wm_update                                         mean BIC 302.11
[search] choice_perseveration                                         mean BIC 297.31
[search] eligibility_trace                                            mean BIC 309.65
[search] load_dependent_wm_decay_global                               mean BIC 321.09
[search] load_dependent_wm_learning                                   mean BIC 304.66
[search] load_driven_wm_noise                                         mean BIC 323.47
[search] load_scaled_wm_weight                                        mean BIC 322.66
[search] set_size_wm_decay                                            mean BIC 319.50
[search] set_size_wm_noise                                            mean BIC 329.54
[search] unified_wm_update_decay                                      mean BIC 296.83
[search] wm_asymmetric_update_p1                                      mean BIC 297.02
[search] wm_asymmetric_update_p2                                      mean BIC 301.86
[search] wm_normalization                                             mean BIC 339.12
[search] wm_perfect_encoding_on_reward                                mean BIC 291.92
[search] wm_set_size_retrieval_noise                                  mean BIC 321.68
[search] action_stickiness+wm_perfect_encoding_on_reward              mean BIC 285.95
[search] asymmetric_rl_learning_rates+wm_perfect_encoding_on_reward   mean BIC 300.13
[search] choice_perseveration+wm_perfect_encoding_on_reward           mean BIC 285.95
[search] eligibility_trace+wm_perfect_encoding_on_reward              mean BIC 292.61
[search] load_dependent_wm_decay_global+wm_perfect_encoding_on_reward mean BIC 297.25
[search] load_driven_wm_noise+wm_perfect_encoding_on_reward           mean BIC 295.02
[search] load_scaled_wm_weight+wm_perfect_encoding_on_reward          mean BIC 295.02
[search] set_size_wm_decay+wm_perfect_encoding_on_reward              mean BIC 297.25
[search] set_size_wm_noise+wm_perfect_encoding_on_reward              mean BIC 302.11
[search] wm_normalization+wm_perfect_encoding_on_reward               mean BIC 291.92
[search] wm_perfect_encoding_on_reward+wm_set_size_retrieval_noise    mean BIC 302.79
[search] action_stickiness+asymmetric_rl_learning_rates+wm_perfect_encoding_on_reward mean BIC 295.39
[search] action_stickiness+eligibility_trace+wm_perfect_encoding_on_reward mean BIC 289.73
[search] action_stickiness+load_dependent_wm_decay_global+wm_perfect_encoding_on_reward mean BIC 291.04
[search] action_stickiness+load_driven_wm_noise+wm_perfect_encoding_on_reward mean BIC 289.90
[search] action_stickiness+load_scaled_wm_weight+wm_perfect_encoding_on_reward mean BIC 288.91
[search] action_stickiness+set_size_wm_decay+wm_perfect_encoding_on_reward mean BIC 300.18
[search] action_stickiness+set_size_wm_noise+wm_perfect_encoding_on_reward mean BIC 295.65
[search] action_stickiness+wm_normalization+wm_perfect_encoding_on_reward mean BIC 285.95
[search] action_stickiness+wm_perfect_encoding_on_reward+wm_set_size_retrieval_noise mean BIC 291.77
[search] action_stickiness+asymmetric_rl_learning_rates+wm_normalization+wm_perfect_encoding_on_reward mean BIC 295.39
[search] action_stickiness+eligibility_trace+wm_normalization+wm_perfect_encoding_on_reward mean BIC 289.73
[search] action_stickiness+load_dependent_wm_decay_global+wm_normalization+wm_perfect_encoding_on_reward mean BIC 291.04
[search] action_stickiness+load_driven_wm_noise+wm_normalization+wm_perfect_encoding_on_reward mean BIC 289.37
[search] action_stickiness+load_scaled_wm_weight+wm_normalization+wm_perfect_encoding_on_reward mean BIC 288.91
[search] action_stickiness+set_size_wm_decay+wm_normalization+wm_perfect_encoding_on_reward mean BIC 300.18
[search] action_stickiness+set_size_wm_noise+wm_normalization+wm_perfect_encoding_on_reward mean BIC 296.14
[search] action_stickiness+wm_normalization+wm_perfect_encoding_on_reward+wm_set_size_retrieval_noise mean BIC 291.77
[reconstruct] p48 library 285.95 vs individual 303.55 vs group 303.13
[search] backbone                                                     mean BIC 360.13
[search] action_stickiness                                            mean BIC 145.08
[search] arbitration_scaled_wm_update                                 mean BIC 305.90
[search] asymmetric_fixed_wm_update                                   mean BIC 360.13
[search] asymmetric_rl_learning_rates                                 mean BIC 311.93
[search] asymmetric_wm_update                                         mean BIC 321.80
[search] choice_perseveration                                         mean BIC 145.08
[search] eligibility_trace                                            mean BIC 365.19
[search] load_dependent_wm_decay_global                               mean BIC 363.35
[search] load_dependent_wm_learning                                   mean BIC 312.52
[search] load_driven_wm_noise                                         mean BIC 363.93
[search] load_scaled_wm_weight                                        mean BIC 363.35
[search] set_size_wm_decay                                            mean BIC 361.94
[search] set_size_wm_noise                                            mean BIC 370.25
[search] unified_wm_update_decay                                      mean BIC 304.40
[search] wm_asymmetric_update_p1                                      mean BIC 304.41
[search] wm_asymmetric_update_p2                                      mean BIC 308.80
[search] wm_normalization                                             mean BIC 360.13
[search] wm_perfect_encoding_on_reward                                mean BIC 311.68
[search] wm_set_size_retrieval_noise                                  mean BIC 363.35
[search] arbitration_scaled_wm_update+choice_perseveration            mean BIC 141.81
[search] asymmetric_fixed_wm_update+choice_perseveration              mean BIC 145.08
[search] asymmetric_rl_learning_rates+choice_perseveration            mean BIC 153.65
[search] asymmetric_wm_update+choice_perseveration                    mean BIC 146.87
[search] choice_perseveration+eligibility_trace                       mean BIC 150.07
[search] choice_perseveration+load_dependent_wm_decay_global          mean BIC 150.08
[search] choice_perseveration+load_driven_wm_noise                    mean BIC 141.81
[search] choice_perseveration+load_scaled_wm_weight                   mean BIC 148.81
[search] choice_perseveration+set_size_wm_decay                       mean BIC 141.81
[search] choice_perseveration+set_size_wm_noise                       mean BIC 155.19
[search] choice_perseveration+unified_wm_update_decay                 mean BIC 148.57
[search] choice_perseveration+wm_asymmetric_update_p1                 mean BIC 149.61
[search] choice_perseveration+wm_asymmetric_update_p2                 mean BIC 146.87
[search] choice_perseveration+wm_normalization                        mean BIC 145.08
[search] choice_perseveration+wm_perfect_encoding_on_reward           mean BIC 144.91
[search] choice_perseveration+wm_set_size_retrieval_noise             mean BIC 146.22
[search] arbitration_scaled_wm_update+choice_perseveration+eligibility_trace mean BIC 145.47
[search] arbitration_scaled_wm_update+choice_perseveration+load_dependent_wm_decay_global mean BIC 146.87
[search] arbitration_scaled_wm_update+choice_perseveration+load_driven_wm_noise mean BIC 146.87
[search] arbitration_scaled_wm_update+choice_perseveration+load_scaled_wm_weight mean BIC 144.83
[search] arbitration_scaled_wm_update+choice_perseveration+set_size_wm_decay mean BIC 146.87
[search] arbitration_scaled_wm_update+choice_perseveration+wm_normalization mean BIC 141.81
[search] arbitration_scaled_wm_update+choice_perseveration+wm_set_size_retrieval_noise mean BIC 146.82
[reconstruct] p50 library 141.81 vs individual 310.99 vs group 320.51
per-pid test compositions -> results/rlwm_individual/library_composition/og_protocol/perpid_test/reconstruction_results.json
