<string>:68: RuntimeWarning: overflow encountered in exp
[search] backbone                                                     mean BIC 394.74
[search] action_stickiness                                            mean BIC 398.05
[search] arbitration_scaled_wm_update                                 mean BIC 398.58
[search] asymmetric_fixed_wm_update                                   mean BIC 395.23
[search] asymmetric_rl_learning_rates                                 mean BIC 404.01
[search] asymmetric_wm_update                                         mean BIC 405.21
[search] choice_perseveration                                         mean BIC 398.05
[search] eligibility_trace                                            mean BIC 395.51
[search] load_dependent_wm_arbitration                                mean BIC 276.78
[search] load_dependent_wm_decay_global                               mean BIC 400.52
[search] load_dependent_wm_learning                                   mean BIC 406.08
[search] load_driven_wm_noise                                         mean BIC 403.37
[search] load_scaled_wm_weight                                        mean BIC 399.39
[search] outcome_gated_wm_reliance                                    mean BIC 225.73
[search] set_size_dependent_wm_lapse                                  mean BIC 375.67
[search] set_size_wm_decay                                            mean BIC 404.88
[search] set_size_wm_noise                                            mean BIC 406.30
[search] unified_wm_update_decay                                      mean BIC 398.65
[search] wm_asymmetric_update_p1                                      mean BIC 411.61
[search] wm_asymmetric_update_p2                                      mean BIC 401.27
[search] wm_normalization                                             mean BIC 394.74
[search] wm_perfect_encoding_on_reward                                mean BIC 409.41
[search] wm_set_size_retrieval_noise                                  mean BIC 403.87
[search] asymmetric_fixed_wm_update+outcome_gated_wm_reliance         mean BIC 226.42
[search] outcome_gated_wm_reliance+wm_normalization                   mean BIC 225.73
[search] outcome_gated_wm_reliance+wm_perfect_encoding_on_reward      mean BIC 245.63
[search] asymmetric_fixed_wm_update+outcome_gated_wm_reliance+wm_normalization mean BIC 226.42
[search] outcome_gated_wm_reliance+wm_normalization+wm_perfect_encoding_on_reward mean BIC 245.63
[reconstruct] p0 library 225.73 vs individual 412.35 vs group 411.05
[search] backbone                                                     mean BIC 313.47
[search] action_stickiness                                            mean BIC 310.64
[search] arbitration_scaled_wm_update                                 mean BIC 315.48
[search] asymmetric_fixed_wm_update                                   mean BIC 313.67
[search] asymmetric_rl_learning_rates                                 mean BIC 320.99
[search] asymmetric_wm_update                                         mean BIC 325.03
[search] choice_perseveration                                         mean BIC 310.64
[search] eligibility_trace                                            mean BIC 309.81
[search] load_dependent_wm_arbitration                                mean BIC 234.50
[search] load_dependent_wm_decay_global                               mean BIC 315.81
[search] load_dependent_wm_learning                                   mean BIC 324.13
[search] load_driven_wm_noise                                         mean BIC 318.79
[search] load_scaled_wm_weight                                        mean BIC 317.10
[search] outcome_gated_wm_reliance                                    mean BIC 196.58
[search] set_size_dependent_wm_lapse                                  mean BIC 309.29
[search] set_size_wm_decay                                            mean BIC 319.25
[search] set_size_wm_noise                                            mean BIC 325.03
[search] unified_wm_update_decay                                      mean BIC 324.80
[search] wm_asymmetric_update_p1                                      mean BIC 324.80
[search] wm_asymmetric_update_p2                                      mean BIC 318.35
[search] wm_normalization                                             mean BIC 313.47
[search] wm_perfect_encoding_on_reward                                mean BIC 332.82
[search] wm_set_size_retrieval_noise                                  mean BIC 320.12
[search] asymmetric_fixed_wm_update+outcome_gated_wm_reliance         mean BIC 197.43
[search] outcome_gated_wm_reliance+wm_normalization                   mean BIC 196.58
[search] outcome_gated_wm_reliance+wm_perfect_encoding_on_reward      mean BIC 221.46
[search] asymmetric_fixed_wm_update+outcome_gated_wm_reliance+wm_normalization mean BIC 197.43
[search] outcome_gated_wm_reliance+wm_normalization+wm_perfect_encoding_on_reward mean BIC 221.46
[reconstruct] p5 library 196.58 vs individual 322.80 vs group 327.67
[search] backbone                                                     mean BIC 547.47
[search] action_stickiness                                            mean BIC 534.63
[search] arbitration_scaled_wm_update                                 mean BIC 537.68
[search] asymmetric_fixed_wm_update                                   mean BIC 547.46
[search] asymmetric_rl_learning_rates                                 mean BIC 544.04
[search] asymmetric_wm_update                                         mean BIC 545.77
[search] choice_perseveration                                         mean BIC 534.63
[search] eligibility_trace                                            mean BIC 532.79
[search] load_dependent_wm_arbitration                                mean BIC 394.75
[search] load_dependent_wm_decay_global                               mean BIC 518.04
[search] load_dependent_wm_learning                                   mean BIC 540.05
[search] load_driven_wm_noise                                         mean BIC 547.81
[search] load_scaled_wm_weight                                        mean BIC 528.50
[search] outcome_gated_wm_reliance                                    mean BIC 333.39
[search] set_size_dependent_wm_lapse                                  mean BIC 532.35
[search] set_size_wm_decay                                            mean BIC 517.36
[search] set_size_wm_noise                                            mean BIC 559.03
[search] unified_wm_update_decay                                      mean BIC 522.52
[search] wm_asymmetric_update_p1                                      mean BIC 522.51
[search] wm_asymmetric_update_p2                                      mean BIC 525.33
[search] wm_normalization                                             mean BIC 547.47
[search] wm_perfect_encoding_on_reward                                mean BIC 545.97
[search] wm_set_size_retrieval_noise                                  mean BIC 543.87
[search] asymmetric_fixed_wm_update+outcome_gated_wm_reliance         mean BIC 334.07
[search] outcome_gated_wm_reliance+wm_normalization                   mean BIC 333.39
[search] outcome_gated_wm_reliance+wm_perfect_encoding_on_reward      mean BIC 364.28
[search] asymmetric_fixed_wm_update+outcome_gated_wm_reliance+wm_normalization mean BIC 334.07
[search] outcome_gated_wm_reliance+wm_normalization+wm_perfect_encoding_on_reward mean BIC 364.28
[reconstruct] p37 library 333.39 vs individual 529.21 vs group 519.40
[search] backbone                                                     mean BIC 557.38
[search] action_stickiness                                            mean BIC 536.05
[search] arbitration_scaled_wm_update                                 mean BIC 536.93
[search] asymmetric_fixed_wm_update                                   mean BIC 557.38
[search] asymmetric_rl_learning_rates                                 mean BIC 545.46
[search] asymmetric_wm_update                                         mean BIC 568.95
[search] choice_perseveration                                         mean BIC 536.05
[search] eligibility_trace                                            mean BIC 556.39
[search] load_dependent_wm_arbitration                                mean BIC 416.21
[search] load_dependent_wm_decay_global                               mean BIC 519.98
[search] load_dependent_wm_learning                                   mean BIC 526.19
[search] load_driven_wm_noise                                         mean BIC 558.17
[search] load_scaled_wm_weight                                        mean BIC 526.41
[search] outcome_gated_wm_reliance                                    mean BIC 361.72
[search] set_size_dependent_wm_lapse                                  mean BIC 517.01
[search] set_size_wm_decay                                            mean BIC 522.68
[search] set_size_wm_noise                                            mean BIC 568.95
[search] unified_wm_update_decay                                      mean BIC 530.55
[search] wm_asymmetric_update_p1                                      mean BIC 530.55
[search] wm_asymmetric_update_p2                                      mean BIC 526.06
[search] wm_normalization                                             mean BIC 557.38
[search] wm_perfect_encoding_on_reward                                mean BIC 551.52
[search] wm_set_size_retrieval_noise                                  mean BIC 549.72
[search] asymmetric_fixed_wm_update+outcome_gated_wm_reliance         mean BIC 362.61
[search] outcome_gated_wm_reliance+wm_normalization                   mean BIC 361.72
[search] outcome_gated_wm_reliance+wm_perfect_encoding_on_reward      mean BIC 399.44
[search] asymmetric_fixed_wm_update+outcome_gated_wm_reliance+wm_normalization mean BIC 362.61
[search] outcome_gated_wm_reliance+wm_normalization+wm_perfect_encoding_on_reward mean BIC 399.44
[reconstruct] p40 library 361.72 vs individual 651.43 vs group 569.18
[search] backbone                                                     mean BIC 558.43
[search] action_stickiness                                            mean BIC 547.06
[search] arbitration_scaled_wm_update                                 mean BIC 548.49
[search] asymmetric_fixed_wm_update                                   mean BIC 558.42
[search] asymmetric_rl_learning_rates                                 mean BIC 556.55
[search] asymmetric_wm_update                                         mean BIC 565.03
[search] choice_perseveration                                         mean BIC 547.06
[search] eligibility_trace                                            mean BIC 554.54
[search] load_dependent_wm_arbitration                                mean BIC 403.66
[search] load_dependent_wm_decay_global                               mean BIC 554.14
[search] load_dependent_wm_learning                                   mean BIC 549.70
[search] load_driven_wm_noise                                         mean BIC 560.80
[search] load_scaled_wm_weight                                        mean BIC 561.28
[search] outcome_gated_wm_reliance                                    mean BIC 336.27
[search] set_size_dependent_wm_lapse                                  mean BIC 559.59
[search] set_size_wm_decay                                            mean BIC 552.46
[search] set_size_wm_noise                                            mean BIC 567.95
[search] unified_wm_update_decay                                      mean BIC 546.82
[search] wm_asymmetric_update_p1                                      mean BIC 551.40
[search] wm_asymmetric_update_p2                                      mean BIC 546.41
[search] wm_normalization                                             mean BIC 558.43
[search] wm_perfect_encoding_on_reward                                mean BIC 553.46
[search] wm_set_size_retrieval_noise                                  mean BIC 560.21
[search] asymmetric_fixed_wm_update+outcome_gated_wm_reliance         mean BIC 336.75
[search] outcome_gated_wm_reliance+wm_normalization                   mean BIC 336.27
[search] outcome_gated_wm_reliance+wm_perfect_encoding_on_reward      mean BIC 359.89
[reconstruct] p45 library 336.27 vs individual 594.49 vs group 572.76
[search] backbone                                                     mean BIC 645.19
[search] action_stickiness                                            mean BIC 649.52
[search] arbitration_scaled_wm_update                                 mean BIC 644.00
[search] asymmetric_fixed_wm_update                                   mean BIC 645.19
[search] asymmetric_rl_learning_rates                                 mean BIC 669.81
[search] asymmetric_wm_update                                         mean BIC 656.75
[search] choice_perseveration                                         mean BIC 649.52
[search] eligibility_trace                                            mean BIC 649.98
[search] load_dependent_wm_arbitration                                mean BIC 499.37
[search] load_dependent_wm_decay_global                               mean BIC 641.96
[search] load_dependent_wm_learning                                   mean BIC 636.55
[search] load_driven_wm_noise                                         mean BIC 648.01
[search] load_scaled_wm_weight                                        mean BIC 646.40
[search] outcome_gated_wm_reliance                                    mean BIC 433.08
[search] set_size_dependent_wm_lapse                                  mean BIC 644.92
[search] set_size_wm_decay                                            mean BIC 633.50
[search] set_size_wm_noise                                            mean BIC 656.75
[search] unified_wm_update_decay                                      mean BIC 643.36
[search] wm_asymmetric_update_p1                                      mean BIC 643.38
[search] wm_asymmetric_update_p2                                      mean BIC 642.21
[search] wm_normalization                                             mean BIC 645.20
[search] wm_perfect_encoding_on_reward                                mean BIC 644.42
[search] wm_set_size_retrieval_noise                                  mean BIC 644.56
[search] asymmetric_fixed_wm_update+outcome_gated_wm_reliance         mean BIC 433.76
[search] outcome_gated_wm_reliance+wm_normalization                   mean BIC 433.08
[search] outcome_gated_wm_reliance+wm_perfect_encoding_on_reward      mean BIC 471.95
[search] asymmetric_fixed_wm_update+outcome_gated_wm_reliance+wm_normalization mean BIC 433.76
[search] outcome_gated_wm_reliance+wm_normalization+wm_perfect_encoding_on_reward mean BIC 471.95
[reconstruct] p46 library 433.08 vs individual 687.25 vs group 676.67
[search] backbone                                                     mean BIC 354.32
[search] action_stickiness                                            mean BIC 327.53
[search] arbitration_scaled_wm_update                                 mean BIC 344.62
[search] asymmetric_fixed_wm_update                                   mean BIC 354.24
[search] asymmetric_rl_learning_rates                                 mean BIC 348.66
[search] asymmetric_wm_update                                         mean BIC 357.57
[search] choice_perseveration                                         mean BIC 327.53
[search] eligibility_trace                                            mean BIC 333.59
[search] load_dependent_wm_arbitration                                mean BIC 262.94
[search] load_dependent_wm_decay_global                               mean BIC 352.11
[search] load_dependent_wm_learning                                   mean BIC 343.61
[search] load_driven_wm_noise                                         mean BIC 356.63
[search] load_scaled_wm_weight                                        mean BIC 344.06
[search] outcome_gated_wm_reliance                                    mean BIC 224.10
[search] set_size_dependent_wm_lapse                                  mean BIC 351.78
[search] set_size_wm_decay                                            mean BIC 361.66
[search] set_size_wm_noise                                            mean BIC 365.88
[search] unified_wm_update_decay                                      mean BIC 340.43
[search] wm_asymmetric_update_p1                                      mean BIC 340.46
[search] wm_asymmetric_update_p2                                      mean BIC 343.33
[search] wm_normalization                                             mean BIC 354.32
[search] wm_perfect_encoding_on_reward                                mean BIC 346.01
[search] wm_set_size_retrieval_noise                                  mean BIC 356.13
[search] asymmetric_fixed_wm_update+outcome_gated_wm_reliance         mean BIC 224.87
[search] outcome_gated_wm_reliance+wm_normalization                   mean BIC 224.10
[search] outcome_gated_wm_reliance+wm_perfect_encoding_on_reward      mean BIC 252.22
[search] asymmetric_fixed_wm_update+outcome_gated_wm_reliance+wm_normalization mean BIC 224.87
[search] outcome_gated_wm_reliance+wm_normalization+wm_perfect_encoding_on_reward mean BIC 252.22
[reconstruct] p49 library 224.10 vs individual 407.21 vs group 403.34
reconstruction -> /Users/akshay/projects/gecco/results/rlwm_individual/library_composition/reconstruction_results.json
