leak-free inventory: 19 modules
[search] backbone                                                     mean BIC 482.27
[search] action_stickiness                                            mean BIC 476.41
[search] arbitration_scaled_wm_update                                 mean BIC 474.72
[search] asymmetric_fixed_wm_update                                   mean BIC 482.26
[search] asymmetric_rl_learning_rates                                 mean BIC 480.96
[search] asymmetric_wm_update                                         mean BIC 488.05
[search] choice_perseveration                                         mean BIC 476.41
[search] eligibility_trace                                            mean BIC 484.14
[search] load_dependent_wm_decay_global                               mean BIC 480.93
[search] load_dependent_wm_learning                                   mean BIC 476.86
[search] load_driven_wm_noise                                         mean BIC 485.74
[search] load_scaled_wm_weight                                        mean BIC 478.50
[search] set_size_wm_decay                                            mean BIC 482.98
[search] set_size_wm_noise                                            mean BIC 493.78
[search] unified_wm_update_decay                                      mean BIC 470.72
[search] wm_asymmetric_update_p1                                      mean BIC 475.12
[search] wm_asymmetric_update_p2                                      mean BIC 477.33
[search] wm_normalization                                             mean BIC 482.27
[search] wm_perfect_encoding_on_reward                                mean BIC 479.87
[search] wm_set_size_retrieval_noise                                  mean BIC 484.35
[search] action_stickiness+unified_wm_update_decay                    mean BIC 476.67
[search] asymmetric_rl_learning_rates+unified_wm_update_decay         mean BIC 481.09
[search] choice_perseveration+unified_wm_update_decay                 mean BIC 476.44
[search] eligibility_trace+unified_wm_update_decay                    mean BIC 475.57
[search] load_dependent_wm_decay_global+unified_wm_update_decay       mean BIC 476.87
[search] load_driven_wm_noise+unified_wm_update_decay                 mean BIC 479.64
[search] load_scaled_wm_weight+unified_wm_update_decay                mean BIC 476.92
[search] set_size_wm_decay+unified_wm_update_decay                    mean BIC 485.21
[search] set_size_wm_noise+unified_wm_update_decay                    mean BIC 487.04
[search] unified_wm_update_decay+wm_normalization                     mean BIC 470.72
[search] unified_wm_update_decay+wm_set_size_retrieval_noise          mean BIC 483.55
CLEAN WINNER unified_wm_update_decay (4 params) mean validation BIC 470.72 -> composed_model.txt
